Added Component: Designator=B1(Solder Bridge Closed 0201)
Add component (AddParameter): Name = "DEBUG"; Value = "DEBUG"; VariantName = "[No Variations]"
Added Component: Designator=B2(Solder Bridge Closed 0201)
Add component (AddParameter): Name = "DEBUG"; Value = "DEBUG"; VariantName = "[No Variations]"
Added Component: Designator=B3(Solder Bridge Open 0201)
Add component (AddParameter): Name = "DEBUG"; Value = "DEBUG"; VariantName = "[No Variations]"
Added Component: Designator=B4(Solder Bridge Open 0201)
Add component (AddParameter): Name = "DEBUG"; Value = "DEBUG"; VariantName = "[No Variations]"
Added Component: Designator=J7(MSD-10-C)
Add component (AddParameter): Name = "ComponentLink1Description"; Value = "Datasheet"; VariantName = "[No Variations]"
Add component (AddParameter): Name = "ComponentLink1URL"; Value = "https://www.sameskydevices.com/product/resource/msd-10-c.pdf"; VariantName = "[No Variations]"
Add component: Footprint Not Found MOLEX_0532610871
Added Component: Designator=J9(MOLEX_0530470310)
Add component (AddParameter): Name = "APSS Standard Part"; Value = "APSS Standard"; VariantName = "[No Variations]"
Add component (AddParameter): Name = "MF Part No."; Value = "0530470310"; VariantName = "[No Variations]"
Add component (AddParameter): Name = "Mounting Type"; Value = "Through-hole"; VariantName = "[No Variations]"
Add component (AddParameter): Name = "Orientation"; Value = "Straight"; VariantName = "[No Variations]"
Add component (AddParameter): Name = "Pins"; Value = "3"; VariantName = "[No Variations]"
Add component (AddParameter): Name = "Pitch"; Value = "1.25mm"; VariantName = "[No Variations]"
Add component (AddParameter): Name = "Supplier 1"; Value = "Digikey"; VariantName = "[No Variations]"
Add component (AddParameter): Name = "Supplier 1 Part No."; Value = "WM1732-ND"; VariantName = "[No Variations]"
Add component (AddParameter): Name = "Supplier 2"; Value = ""; VariantName = "[No Variations]"
Add component (AddParameter): Name = "Supplier 2 Part No."; Value = ""; VariantName = "[No Variations]"
Added Component: Designator=J10(HEADER_2.54MM_1x4PIN)
Added Component: Designator=R1(RESISTOR_0805_2012M-50N)
Add component (AddParameter): Name = "Package"; Value = ""; VariantName = "[No Variations]"
Add component (AddParameter): Name = "Power"; Value = ""; VariantName = "[No Variations]"
Add component (AddParameter): Name = "Rated Voltage"; Value = ""; VariantName = "[No Variations]"
Add component (AddParameter): Name = "Supplier 1"; Value = ""; VariantName = "[No Variations]"
Add component (AddParameter): Name = "Supplier 1 Part No."; Value = ""; VariantName = "[No Variations]"
Add component (AddParameter): Name = "Supplier 2"; Value = ""; VariantName = "[No Variations]"
Add component (AddParameter): Name = "Supplier 2 Part No."; Value = ""; VariantName = "[No Variations]"
Add component (AddParameter): Name = "Temp Range"; Value = ""; VariantName = "[No Variations]"
Add component (AddParameter): Name = "Temperature Coefficient"; Value = ""; VariantName = "[No Variations]"
Add component (AddParameter): Name = "Tolerance"; Value = "?%"; VariantName = "[No Variations]"
Add component (AddParameter): Name = "Value"; Value = "47k"; VariantName = "[No Variations]"
Added Component: Designator=R2(RESISTOR_0805_2012M-50N)
Add component (AddParameter): Name = "Package"; Value = ""; VariantName = "[No Variations]"
Add component (AddParameter): Name = "Power"; Value = ""; VariantName = "[No Variations]"
Add component (AddParameter): Name = "Rated Voltage"; Value = ""; VariantName = "[No Variations]"
Add component (AddParameter): Name = "Supplier 1"; Value = ""; VariantName = "[No Variations]"
Add component (AddParameter): Name = "Supplier 1 Part No."; Value = ""; VariantName = "[No Variations]"
Add component (AddParameter): Name = "Supplier 2"; Value = ""; VariantName = "[No Variations]"
Add component (AddParameter): Name = "Supplier 2 Part No."; Value = ""; VariantName = "[No Variations]"
Add component (AddParameter): Name = "Temp Range"; Value = ""; VariantName = "[No Variations]"
Add component (AddParameter): Name = "Temperature Coefficient"; Value = ""; VariantName = "[No Variations]"
Add component (AddParameter): Name = "Tolerance"; Value = "?%"; VariantName = "[No Variations]"
Add component (AddParameter): Name = "Value"; Value = "4k7"; VariantName = "[No Variations]"
Added Component: Designator=R3(RESISTOR_0805_2012M-50N)
Add component (AddParameter): Name = "Package"; Value = ""; VariantName = "[No Variations]"
Add component (AddParameter): Name = "Power"; Value = ""; VariantName = "[No Variations]"
Add component (AddParameter): Name = "Rated Voltage"; Value = ""; VariantName = "[No Variations]"
Add component (AddParameter): Name = "Supplier 1"; Value = ""; VariantName = "[No Variations]"
Add component (AddParameter): Name = "Supplier 1 Part No."; Value = ""; VariantName = "[No Variations]"
Add component (AddParameter): Name = "Supplier 2"; Value = ""; VariantName = "[No Variations]"
Add component (AddParameter): Name = "Supplier 2 Part No."; Value = ""; VariantName = "[No Variations]"
Add component (AddParameter): Name = "Temp Range"; Value = ""; VariantName = "[No Variations]"
Add component (AddParameter): Name = "Temperature Coefficient"; Value = ""; VariantName = "[No Variations]"
Add component (AddParameter): Name = "Tolerance"; Value = "?%"; VariantName = "[No Variations]"
Add component (AddParameter): Name = "Value"; Value = "4k7"; VariantName = "[No Variations]"
Added Component: Designator=U1(MSP4302355TPT)
Add component (AddParameter): Name = "ComponentLink1Description"; Value = "Datasheet"; VariantName = "[No Variations]"
Add component (AddParameter): Name = "ComponentLink1URL"; Value = "https://www.ti.com/lit/ds/symlink/msp430fr2355.pdf?HQS=dis-dk-null-digikeymode-dsf-pf-null-wwe&ts=1766128428387&ref_url=https%253A%252F%252Fwww.ti.com%252Fgeneral%252Fdocs%252Fsuppproductinfo.tsp%253FdistId%253D10%2526gotoUrl%253Dhttps%253A%252F%252Fwww.ti.com%252Flit%252Fgpn%252Fmsp430fr2355"; VariantName = "[No Variations]"
Added Component: Designator=U2(XDCR_ICM-42670-P-EXTENDED_PADS)
Add component (AddParameter): Name = "APSS Standard Part"; Value = "APSS Standard"; VariantName = "[No Variations]"
Add component (AddParameter): Name = "MF Part No."; Value = "ICM-42670-P"; VariantName = "[No Variations]"
Add component (AddParameter): Name = "Package"; Value = "14-LGA"; VariantName = "[No Variations]"
Add component (AddParameter): Name = "Rated Voltage"; Value = "3.6V"; VariantName = "[No Variations]"
Add component (AddParameter): Name = "Supplier 1"; Value = "Digikey"; VariantName = "[No Variations]"
Add component (AddParameter): Name = "Supplier 1 Part No."; Value = "1428-ICM-42670-PCT-ND"; VariantName = "[No Variations]"
Add component (AddParameter): Name = "Temp Range"; Value = "-40°C ~ 85°C"; VariantName = "[No Variations]"
Added Component: Designator=U3(BMP390)
Add component (AddParameter): Name = "ComponentLink1Description"; Value = "Datasheet"; VariantName = "[No Variations]"
Add component (AddParameter): Name = "ComponentLink1URL"; Value = "https://www.bosch-sensortec.com/products/environmental-sensors/pressure-sensors/bmp390/"; VariantName = "[No Variations]"
Add Pin To Net: Unknown Pin: Pin C1-1
Add Pin To Net: Unknown Pin: Pin C2-1
Add Pin To Net: Unknown Pin: Pin C3-1
Add Pin To Net: Unknown Pin: Pin C4-1
Add Pin To Net: Unknown Pin: Pin C5-1
Add Pin To Net: Unknown Pin: Pin C6-1
Add Pin To Net: Unknown Pin: Pin C7-1
Added Pin To Net: NetName=GND Pin=J7-06
Added Pin To Net: NetName=GND Pin=J7-G1
Added Pin To Net: NetName=GND Pin=J7-G2
Added Pin To Net: NetName=GND Pin=J7-G3
Added Pin To Net: NetName=GND Pin=J7-G4
Add Pin To Net: Unknown Pin: Pin J8-7
Add Pin To Net: Unknown Pin: Pin J8-MP1
Add Pin To Net: Unknown Pin: Pin J8-MP2
Added Pin To Net: NetName=GND Pin=J9-1
Added Pin To Net: NetName=GND Pin=U1-7
Added Pin To Net: NetName=GND Pin=U2-1
Added Pin To Net: NetName=GND Pin=U2-2
Added Pin To Net: NetName=GND Pin=U2-3
Added Pin To Net: NetName=GND Pin=U2-6
Added Pin To Net: NetName=GND Pin=U2-7
Added Pin To Net: NetName=GND Pin=U2-10
Added Pin To Net: NetName=GND Pin=U2-11
Added Pin To Net: NetName=GND Pin=U3-3
Added Pin To Net: NetName=GND Pin=U3-5
Added Pin To Net: NetName=GND Pin=U3-6
Added Pin To Net: NetName=GND Pin=U3-8
Added Pin To Net: NetName=GND Pin=U3-9
Change Net Name : Old Net Name=1V8 New Net Name=+1V8
Added Pin To Net: NetName=+3V3 Pin=J1-2
Added Pin To Net: NetName=+3V3 Pin=J7-04
Added Pin To Net: NetName=+3V3 Pin=R1-2
Added Pin To Net: NetName=+3V3 Pin=R2-2
Added Pin To Net: NetName=+3V3 Pin=R3-2
Added Pin To Net: NetName=+3V3 Pin=U1-6
Added Pin To Net: NetName=+3V3 Pin=U2-5
Added Pin To Net: NetName=+3V3 Pin=U2-8
Added Pin To Net: NetName=+3V3 Pin=U2-12
Added Pin To Net: NetName=+3V3 Pin=U3-1
Added Pin To Net: NetName=+3V3 Pin=U3-10
Added Net: Name=+3V3
Added Pin To Net: NetName=+5V Pin=J1-4
Added Pin To Net: NetName=+5V Pin=J9-2
Added Net: Name=+5V
Added Pin To Net: NetName=IMU_INT Pin=U1-21
Added Pin To Net: NetName=IMU_INT Pin=U2-4
Added Net: Name=IMU_INT
Added Pin To Net: NetName=JTAG_TEST/SBW_TCK Pin=U1-4
Added Net: Name=JTAG_TEST/SBW_TCK
Added Pin To Net: NetName=MOTOR_PWM Pin=J9-3
Added Pin To Net: NetName=MOTOR_PWM Pin=U1-22
Added Net: Name=MOTOR_PWM
Added Pin To Net: NetName=NetB1_2 Pin=B1-2
Added Pin To Net: NetName=NetB1_2 Pin=J10-1
Added Net: Name=NetB1_2
Added Pin To Net: NetName=NetB2_2 Pin=B2-2
Added Pin To Net: NetName=NetB2_2 Pin=J10-2
Added Net: Name=NetB2_2
Added Pin To Net: NetName=NetB3_2 Pin=B3-2
Added Pin To Net: NetName=NetB3_2 Pin=J10-3
Added Net: Name=NetB3_2
Added Pin To Net: NetName=NetB4_2 Pin=B4-2
Added Pin To Net: NetName=NetB4_2 Pin=J10-4
Added Net: Name=NetB4_2
Added Pin To Net: NetName=PU_INT Pin=U1-20
Added Pin To Net: NetName=PU_INT Pin=U3-7
Added Net: Name=PU_INT
Added Pin To Net: NetName=Reset/SBW_TDIO Pin=R1-1
Added Pin To Net: NetName=Reset/SBW_TDIO Pin=U1-5
Added Net: Name=Reset/SBW_TDIO
Added Pin To Net: NetName=UCA0_CLK/JTAG_TMS Pin=U1-33
Added Net: Name=UCA0_CLK/JTAG_TMS
Added Pin To Net: NetName=UCA0_RX/MISO/JTAG_TDI Pin=U1-32
Added Net: Name=UCA0_RX/MISO/JTAG_TDI
Added Pin To Net: NetName=UCA0_STE/JTAG_TCK Pin=U1-34
Added Net: Name=UCA0_STE/JTAG_TCK
Added Pin To Net: NetName=UCA0_TX/MOSI/JTAG_TDO Pin=U1-31
Added Net: Name=UCA0_TX/MOSI/JTAG_TDO
Added Pin To Net: NetName=UCA1_CLK Pin=B3-1
Added Pin To Net: NetName=UCA1_CLK Pin=U1-25
Added Net: Name=UCA1_CLK
Added Pin To Net: NetName=UCA1_RX/MISO Pin=B2-1
Added Pin To Net: NetName=UCA1_RX/MISO Pin=U1-24
Added Net: Name=UCA1_RX/MISO
Added Pin To Net: NetName=UCA1_STE Pin=B4-1
Added Pin To Net: NetName=UCA1_STE Pin=U1-26
Added Net: Name=UCA1_STE
Added Pin To Net: NetName=UCA1_TX/MOSI Pin=B1-1
Added Pin To Net: NetName=UCA1_TX/MOSI Pin=U1-23
Added Net: Name=UCA1_TX/MOSI
Added Pin To Net: NetName=UCB0_CLK Pin=U1-2
Added Net: Name=UCB0_CLK
Added Pin To Net: NetName=UCB0_MISO/SCL Pin=R2-1
Added Pin To Net: NetName=UCB0_MISO/SCL Pin=U1-48
Added Pin To Net: NetName=UCB0_MISO/SCL Pin=U2-13
Added Pin To Net: NetName=UCB0_MISO/SCL Pin=U3-2
Added Net: Name=UCB0_MISO/SCL
Added Pin To Net: NetName=UCB0_MOSI/SDA Pin=R3-1
Added Pin To Net: NetName=UCB0_MOSI/SDA Pin=U1-1
Added Pin To Net: NetName=UCB0_MOSI/SDA Pin=U2-14
Added Pin To Net: NetName=UCB0_MOSI/SDA Pin=U3-4
Added Net: Name=UCB0_MOSI/SDA
Added Pin To Net: NetName=UCB0_STE Pin=U1-3
Added Net: Name=UCB0_STE
Added Pin To Net: NetName=UCB1_CLK Pin=J7-05
Added Pin To Net: NetName=UCB1_CLK Pin=U1-14
Added Net: Name=UCB1_CLK
Added Pin To Net: NetName=UCB1_CS Pin=J7-02
Added Pin To Net: NetName=UCB1_CS Pin=U1-11
Added Net: Name=UCB1_CS
Added Pin To Net: NetName=UCB1_MISO/SCL Pin=J7-07
Added Pin To Net: NetName=UCB1_MISO/SCL Pin=U1-12
Added Net: Name=UCB1_MISO/SCL
Added Pin To Net: NetName=UCB1_MOSI/SDA Pin=J7-03
Added Pin To Net: NetName=UCB1_MOSI/SDA Pin=U1-13
Added Net: Name=UCB1_MOSI/SDA
Added Pin To Net: NetName=UCB1_STE Pin=U1-15
Added Net: Name=UCB1_STE
Added Member To Class: ClassName=Payload Member=Component B1 Solder Jumper Normally Closed
Added Member To Class: ClassName=Payload Member=Component B2 Solder Jumper Normally Closed
Added Member To Class: ClassName=Payload Member=Component B3 Solder Jumper Normally Open
Added Member To Class: ClassName=Payload Member=Component B4 Solder Jumper Normally Open
Add Class Member: Failed to add class member : Component C1 22u
Add Class Member: Failed to add class member : Component C2 100n
Add Class Member: Failed to add class member : Component C3 10n
Add Class Member: Failed to add class member : Component C4 2u2
Add Class Member: Failed to add class member : Component C5 100n
Add Class Member: Failed to add class member : Component C6 10n
Add Class Member: Failed to add class member : Component C7 100n
Added Member To Class: ClassName=Payload Member=Component J7 MSD-10-C
Add Class Member: Failed to add class member : Component J8 0532610871
Added Member To Class: ClassName=Payload Member=Component J9 0530470310
Added Member To Class: ClassName=Payload Member=Component J10 HDR,2.54mm,1x4
Added Member To Class: ClassName=Payload Member=Component R1 47k
Added Member To Class: ClassName=Payload Member=Component R2 4k7
Added Member To Class: ClassName=Payload Member=Component R3 4k7
Added Member To Class: ClassName=Payload Member=Component U1 MSP430FR2355
Added Member To Class: ClassName=Payload Member=Component U2 ICM-42670-P
Added Member To Class: ClassName=Payload Member=Component U3 BMP390
Added Rule: Name=Schematic Supply Nets
Added Rule: Name=Schematic Supply Nets_1
Added Rule: Name=Schematic Supply Nets_2
