Change component parameters: Designator = "C3" ("C3"); Footprint = "CAPACITOR_0805_2012M-70N"; UniqueID = "\UQAEJDBT" ("\UQAEJDBT")
Change component parameters (AddParameter): Name = "Capacitance at Rated Voltage"; Value = ""; VariantName = "[No Variations]"
Change component parameters (AddParameter): Name = "Package"; Value = ""; VariantName = "[No Variations]"
Change component parameters (AddParameter): Name = "Rated Voltage"; Value = ""; VariantName = "[No Variations]"
Change component parameters (AddParameter): Name = "Supplier 1"; Value = ""; VariantName = "[No Variations]"
Change component parameters (AddParameter): Name = "Supplier 1 Part No."; Value = ""; VariantName = "[No Variations]"
Change component parameters (AddParameter): Name = "Supplier 2"; Value = ""; VariantName = "[No Variations]"
Change component parameters (AddParameter): Name = "Supplier 2 Part No."; Value = ""; VariantName = "[No Variations]"
Change component parameters (AddParameter): Name = "Temp Range"; Value = ""; VariantName = "[No Variations]"
Change component parameters (AddParameter): Name = "Temperature Coefficient"; Value = ""; VariantName = "[No Variations]"
Change component parameters (AddParameter): Name = "Tolerance"; Value = "?%"; VariantName = "[No Variations]"
Change component parameters (AddParameter): Name = "Value"; Value = "10n"; VariantName = "[No Variations]"
Added Component: Designator=D1(LED_0603_1608M_0.80mm)
Add component (AddParameter): Name = "APSS Standard Part"; Value = "APSS Standard"; VariantName = "[No Variations]"
Add component (AddParameter): Name = "Colour"; Value = "RED"; VariantName = "[No Variations]"
Add component (AddParameter): Name = "Package"; Value = "0603"; VariantName = "[No Variations]"
Add component (AddParameter): Name = "Rated Voltage"; Value = "5V Reverse"; VariantName = "[No Variations]"
Add component (AddParameter): Name = "Supplier 1"; Value = "Digikey"; VariantName = "[No Variations]"
Add component (AddParameter): Name = "Supplier 1 Part No."; Value = ""; VariantName = "[No Variations]"
Add component (AddParameter): Name = "Supplier 2"; Value = ""; VariantName = "[No Variations]"
Add component (AddParameter): Name = "Supplier 2 Part No."; Value = ""; VariantName = "[No Variations]"
Add component (AddParameter): Name = "Temp Range"; Value = "-30°C ~ 85°C"; VariantName = "[No Variations]"
Added Component: Designator=R4(Resistor_0805_2012M-50N)
Added Pin To Net: NetName=GND Pin=D1-C
Added Pin To Net: NetName=+3V3 Pin=R4-2
Added Pin To Net: NetName=NetD1_A Pin=D1-A
Added Pin To Net: NetName=NetD1_A Pin=R4-1
Added Net: Name=NetD1_A
Added Member To Class: ClassName=Payload Member=Component D1 LTST-C190 Series
Added Member To Class: ClassName=Payload Member=Component R4 150R
